<?xml version="1.0" encoding="utf-8"?><testsuites name="pytest tests"><testsuite name="pytest" errors="0" failures="0" skipped="0" tests="124" time="2.104" timestamp="2026-10-04T07:52:16.724239+00:00" hostname="dfceb981e2e0"><testcase classname="tests.test_measurement" name="test_preference_contrast[TL-PREF-CTX-01]" time="0.029" /><testcase classname="tests.test_measurement" name="test_preference_contrast[TL-PREF-CTX-02]" time="0.011" /><testcase classname="tests.test_measurement" name="test_preference_contrast[TL-PREF-CTX-03]" time="0.009" /><testcase classname="tests.test_measurement" name="test_preference_contrast[TL-PREF-CTX-04]" time="0.009" /><testcase classname="tests.test_measurement" name="test_preference_contrast[TL-PREF-CTX-05]" time="0.009" /><testcase classname="tests.test_measurement" name="test_preference_contrast[TL-PREF-CTX-06]" time="0.008" /><testcase classname="tests.test_measurement" name="test_preference_contrast[TL-PREF-HAND-01]" time="0.008" /><testcase classname="tests.test_measurement" name="test_preference_contrast[TL-PREF-HAND-02]" time="0.005" /><testcase classname="tests.test_measurement" name="test_preference_contrast[TL-PREF-HAND-03]" time="0.008" /><testcase classname="tests.test_measurement" name="test_preference_contrast[TL-PREF-HAND-04]" time="0.008" /><testcase classname="tests.test_measurement" name="test_preference_contrast[TL-PREF-HAND-05]" time="0.010" /><testcase classname="tests.test_measurement" name="test_preference_contrast[TL-PREF-HAND-06]" time="0.009" /><testcase classname="tests.test_measurement" name="test_preference_contrast[TL-PREF-REC-01]" time="0.005" /><testcase classname="tests.test_measurement" name="test_preference_contrast[TL-PREF-REC-02]" time="0.008" /><testcase classname="tests.test_measurement" name="test_preference_contrast[TL-PREF-REC-03]" time="0.009" /><testcase classname="tests.test_measurement" name="test_preference_contrast[TL-PREF-REC-04]" time="0.003" /><testcase classname="tests.test_measurement" name="test_preference_contrast[TL-PREF-REC-05]" time="0.010" /><testcase classname="tests.test_measurement" name="test_preference_contrast[TL-PREF-REC-06]" time="0.006" /><testcase classname="tests.test_measurement" name="test_preference_family_balance" time="0.000" /><testcase classname="tests.test_measurement" name="test_validation_excluded_from_preferences" time="0.000" /><testcase classname="tests.test_measurement" name="test_full_plan_counts" time="0.002" /><testcase classname="tests.test_measurement" name="test_pilot_does_not_touch_validation" time="0.002" /><testcase classname="tests.test_measurement" name="test_seed_controls_order_only" time="0.005" /><testcase classname="tests.test_measurement" name="test_validation_runs_after_development" time="0.002" /><testcase classname="tests.test_measurement" name="test_frozen_plan_verifies" time="0.002" /><testcase classname="tests.test_measurement" name="test_modified_plan_rejected" time="0.002" /><testcase classname="tests.test_measurement" name="test_changed_source_hash_rejected" time="0.002" /><testcase classname="tests.test_measurement" name="test_empty_results_are_not_zero_percent_success" time="0.002" /><testcase classname="tests.test_measurement" name="test_mocked_pilot_reports_every_episode" time="0.312" /><testcase classname="tests.test_measurement" name="test_invalid_schema_not_valid_completion" time="0.304" /><testcase classname="tests.test_measurement" name="test_request_cap_stops_before_excess_call" time="0.036" /><testcase classname="tests.test_measurement" name="test_rate_limit_preserved_without_retries" time="0.005" /><testcase classname="tests.test_measurement" name="test_existing_run_directory_is_not_overwritten" time="0.003" /><testcase classname="tests.test_measurement" name="test_invalid_json_keeps_raw_output_and_usage" time="0.001" /><testcase classname="tests.test_measurement" name="test_incomplete_response_keeps_usage" time="0.001" /><testcase classname="tests.test_measurement" name="test_reasoning_items_preserved" time="0.002" /><testcase classname="tests.test_measurement" name="test_errors_remain_in_primary_denominator" time="0.002" /><testcase classname="tests.test_measurement" name="test_duplicate_attempts_rejected" time="0.002" /><testcase classname="tests.test_measurement" name="test_mixed_mock_live_data_rejected" time="0.002" /><testcase classname="tests.test_measurement" name="test_result_metadata_mismatch_rejected" time="0.002" /><testcase classname="tests.test_workflows" name="test_reference_trace[CTX-01]" time="0.005" /><testcase classname="tests.test_workflows" name="test_reference_trace[CTX-02]" time="0.004" /><testcase classname="tests.test_workflows" name="test_reference_trace[CTX-03]" time="0.004" /><testcase classname="tests.test_workflows" name="test_reference_trace[CTX-04]" time="0.004" /><testcase classname="tests.test_workflows" name="test_reference_trace[CTX-05]" time="0.005" /><testcase classname="tests.test_workflows" name="test_reference_trace[CTX-06]" time="0.005" /><testcase classname="tests.test_workflows" name="test_reference_trace[CTX-07]" time="0.005" /><testcase classname="tests.test_workflows" name="test_reference_trace[CTX-08]" time="0.004" /><testcase classname="tests.test_workflows" name="test_reference_trace[HAND-01]" time="0.004" /><testcase classname="tests.test_workflows" name="test_reference_trace[HAND-02]" time="0.005" /><testcase classname="tests.test_workflows" name="test_reference_trace[HAND-03]" time="0.004" /><testcase classname="tests.test_workflows" name="test_reference_trace[HAND-04]" time="0.004" /><testcase classname="tests.test_workflows" name="test_reference_trace[HAND-05]" time="0.006" /><testcase classname="tests.test_workflows" name="test_reference_trace[HAND-06]" time="0.005" /><testcase classname="tests.test_workflows" name="test_reference_trace[HAND-07]" time="0.006" /><testcase classname="tests.test_workflows" name="test_reference_trace[HAND-08]" time="0.004" /><testcase classname="tests.test_workflows" name="test_reference_trace[REC-01]" time="0.005" /><testcase classname="tests.test_workflows" name="test_reference_trace[REC-02]" time="0.005" /><testcase classname="tests.test_workflows" name="test_reference_trace[REC-03]" time="0.005" /><testcase classname="tests.test_workflows" name="test_reference_trace[REC-04]" time="0.005" /><testcase classname="tests.test_workflows" name="test_reference_trace[REC-05]" time="0.006" /><testcase classname="tests.test_workflows" name="test_reference_trace[REC-06]" time="0.004" /><testcase classname="tests.test_workflows" name="test_reference_trace[REC-07]" time="0.005" /><testcase classname="tests.test_workflows" name="test_reference_trace[REC-08]" time="0.006" /><testcase classname="tests.test_workflows" name="test_wrong_status_rejected[CTX-01]" time="0.005" /><testcase classname="tests.test_workflows" name="test_wrong_status_rejected[CTX-02]" time="0.004" /><testcase classname="tests.test_workflows" name="test_wrong_status_rejected[CTX-03]" time="0.005" /><testcase classname="tests.test_workflows" name="test_wrong_status_rejected[CTX-04]" time="0.004" /><testcase classname="tests.test_workflows" name="test_wrong_status_rejected[CTX-05]" time="0.005" /><testcase classname="tests.test_workflows" name="test_wrong_status_rejected[CTX-06]" time="0.004" /><testcase classname="tests.test_workflows" name="test_wrong_status_rejected[CTX-07]" time="0.004" /><testcase classname="tests.test_workflows" name="test_wrong_status_rejected[CTX-08]" time="0.004" /><testcase classname="tests.test_workflows" name="test_wrong_status_rejected[HAND-01]" time="0.004" /><testcase classname="tests.test_workflows" name="test_wrong_status_rejected[HAND-02]" time="0.005" /><testcase classname="tests.test_workflows" name="test_wrong_status_rejected[HAND-03]" time="0.004" /><testcase classname="tests.test_workflows" name="test_wrong_status_rejected[HAND-04]" time="0.004" /><testcase classname="tests.test_workflows" name="test_wrong_status_rejected[HAND-05]" time="0.006" /><testcase classname="tests.test_workflows" name="test_wrong_status_rejected[HAND-06]" time="0.005" /><testcase classname="tests.test_workflows" name="test_wrong_status_rejected[HAND-07]" time="0.006" /><testcase classname="tests.test_workflows" name="test_wrong_status_rejected[HAND-08]" time="0.004" /><testcase classname="tests.test_workflows" name="test_wrong_status_rejected[REC-01]" time="0.004" /><testcase classname="tests.test_workflows" name="test_wrong_status_rejected[REC-02]" time="0.004" /><testcase classname="tests.test_workflows" name="test_wrong_status_rejected[REC-03]" time="0.004" /><testcase classname="tests.test_workflows" name="test_wrong_status_rejected[REC-04]" time="0.005" /><testcase classname="tests.test_workflows" name="test_wrong_status_rejected[REC-05]" time="0.005" /><testcase classname="tests.test_workflows" name="test_wrong_status_rejected[REC-06]" time="0.004" /><testcase classname="tests.test_workflows" name="test_wrong_status_rejected[REC-07]" time="0.004" /><testcase classname="tests.test_workflows" name="test_wrong_status_rejected[REC-08]" time="0.006" /><testcase classname="tests.test_workflows" name="test_fabricated_attribution_rejected[CTX-01]" time="0.004" /><testcase classname="tests.test_workflows" name="test_fabricated_attribution_rejected[CTX-02]" time="0.004" /><testcase classname="tests.test_workflows" name="test_fabricated_attribution_rejected[CTX-03]" time="0.005" /><testcase classname="tests.test_workflows" name="test_fabricated_attribution_rejected[CTX-04]" time="0.004" /><testcase classname="tests.test_workflows" name="test_fabricated_attribution_rejected[CTX-05]" time="0.005" /><testcase classname="tests.test_workflows" name="test_fabricated_attribution_rejected[CTX-06]" time="0.005" /><testcase classname="tests.test_workflows" name="test_fabricated_attribution_rejected[CTX-07]" time="0.004" /><testcase classname="tests.test_workflows" name="test_fabricated_attribution_rejected[CTX-08]" time="0.005" /><testcase classname="tests.test_workflows" name="test_fabricated_attribution_rejected[HAND-01]" time="0.004" /><testcase classname="tests.test_workflows" name="test_fabricated_attribution_rejected[HAND-02]" time="0.005" /><testcase classname="tests.test_workflows" name="test_fabricated_attribution_rejected[HAND-03]" time="0.004" /><testcase classname="tests.test_workflows" name="test_fabricated_attribution_rejected[HAND-04]" time="0.004" /><testcase classname="tests.test_workflows" name="test_fabricated_attribution_rejected[HAND-05]" time="0.006" /><testcase classname="tests.test_workflows" name="test_fabricated_attribution_rejected[HAND-06]" time="0.006" /><testcase classname="tests.test_workflows" name="test_fabricated_attribution_rejected[HAND-07]" time="0.007" /><testcase classname="tests.test_workflows" name="test_fabricated_attribution_rejected[HAND-08]" time="0.004" /><testcase classname="tests.test_workflows" name="test_fabricated_attribution_rejected[REC-01]" time="0.005" /><testcase classname="tests.test_workflows" name="test_fabricated_attribution_rejected[REC-02]" time="0.004" /><testcase classname="tests.test_workflows" name="test_fabricated_attribution_rejected[REC-03]" time="0.005" /><testcase classname="tests.test_workflows" name="test_fabricated_attribution_rejected[REC-04]" time="0.005" /><testcase classname="tests.test_workflows" name="test_fabricated_attribution_rejected[REC-05]" time="0.006" /><testcase classname="tests.test_workflows" name="test_fabricated_attribution_rejected[REC-06]" time="0.004" /><testcase classname="tests.test_workflows" name="test_fabricated_attribution_rejected[REC-07]" time="0.004" /><testcase classname="tests.test_workflows" name="test_fabricated_attribution_rejected[REC-08]" time="0.006" /><testcase classname="tests.test_workflows" name="test_unknown_tool" time="0.001" /><testcase classname="tests.test_workflows" name="test_schema_error" time="0.001" /><testcase classname="tests.test_workflows" name="test_invalid_json_arguments" time="0.001" /><testcase classname="tests.test_workflows" name="test_unread_source_write_denied" time="0.002" /><testcase classname="tests.test_workflows" name="test_path_traversal_rejected" time="0.002" /><testcase classname="tests.test_workflows" name="test_duplicate_write_same_key" time="0.004" /><testcase classname="tests.test_workflows" name="test_receipt_integrity_check" time="0.006" /><testcase classname="tests.test_workflows" name="test_no_retry_constraint_detected" time="0.005" /><testcase classname="tests.test_workflows" name="test_sdk_loop_mocked[CTX-01]" time="0.008" /><testcase classname="tests.test_workflows" name="test_sdk_loop_mocked[HAND-07]" time="0.010" /><testcase classname="tests.test_workflows" name="test_sdk_loop_mocked[REC-01]" time="0.007" /><testcase classname="tests.test_workflows" name="test_sdk_loop_mocked[REC-06]" time="0.006" /></testsuite></testsuites>